// Jest Snapshot v1, https://goo.gl/fbAQLP

exports[`Login renders without crashing 1`] = `
<LoginPrivateKey
  dispatch={[Function]}
  loggedIn={true}
  store={
    Object {
      "clearActions": [Function],
      "dispatch": [Function],
      "getActions": [Function],
      "getState": [Function],
      "replaceReducer": [Function],
      "subscribe": [Function],
    }
  }
/>
`;
