// Jest Snapshot v1, https://goo.gl/fbAQLP

exports[`Logout should render without crashing 1`] = `
<div
  data-for="logoutTip"
  data-tip={true}
  id="logout"
  onClick={[Function]}
>
  <Link
    onlyActiveOnIndex={false}
    style={Object {}}
    to="/"
  >
    <MdPowerSettingsNew />
  </Link>
  <ReactTooltip
    class="solidTip"
    effect="solid"
    id="logoutTip"
    insecure={true}
    place="bottom"
    resizeHide={true}
    type="dark"
    wrapper="div"
  >
    <span>
      Logout
    </span>
  </ReactTooltip>
</div>
`;
