// Jest Snapshot v1, https://goo.gl/fbAQLP

exports[`WalletInfo renders without crashing 1`] = `
<WalletInfo
  address="ANqUrhv99rwCiFTL6N1An9NH5UVkPYxTuw"
  dispatch={[Function]}
  gas={1.0001}
  neo={10}
  net="TestNet"
  price={25.48}
  store={
    Object {
      "clearActions": [Function],
      "dispatch": [Function],
      "getActions": [Function],
      "getState": [Function],
      "replaceReducer": [Function],
      "subscribe": [Function],
    }
  }
/>
`;
